[
  {
    "name": "Young, Dan",
    "address": "",
    "bar_number": "20915",
    "represented_parties": [
      "Cavalry SPV I, LLC, "
    ]
  }
]