[
  {
    "name": "Cavalry SPV I, LLC",
    "party_type": "Plaintiff"
  },
  {
    "name": "Paul,  John  O",
    "party_type": "Defendant"
  }
]