[{"name":"MUNDA, BEN","address":"","bar_number":"31661","represented_parties":["OKLAHOMA COUNTY SHERIFF, "]}]