[
  {
    "event_number": 0,
    "date": "2022-11-30",
    "code": "TEXT",
    "description": "CRIMINAL MISDEMEANOR INITIAL FILING. Document Available at Court Clerk's Office",
    "count": "",
    "party": "ODOM, JOSHUA LESLIE",
    "amount": "",
    "links": []
  },
  {
    "event_number": 1,
    "date": "2022-11-30",
    "code": "INFORMATION",
    "description": "DEFENDANT JOSHUA LESLIE ODOM WAS CHARGED WITH COUNT #1, DRIVING UNDER THE INFLUENCE OF ALCOHOL IN VIOLATION OF 47 O.S. 11-902(A)(2)",
    "count": "1",
    "party": "ODOM, JOSHUA LESLIE",
    "amount": "",
    "links": []
  },
  {
    "event_number": 2,
    "date": "2022-11-30",
    "code": "INFORMATION",
    "description": "DEFENDANT JOSHUA LESLIE ODOM WAS CHARGED WITH COUNT #2, CARRYING A FIREARM WHILE UNDER THE INFLUENCE OF DRUGS OR ALCOHOL IN VIOLATION OF 21 O.S. 1272",
    "count": "2",
    "party": "ODOM, JOSHUA LESLIE",
    "amount": "",
    "links": []
  },
  {
    "event_number": 3,
    "date": "2022-11-30",
    "code": "TEXT",
    "description": "OCIS HAS AUTOMATICALLY ASSIGNED JUDGE HUDSON, PERRY TO THIS CASE.",
    "count": "",
    "party": "",
    "amount": "",
    "links": []
  },
  {
    "event_number": 4,
    "date": "2022-12-05",
    "code": "WAI$",
    "description": "WARRANT OF ARREST ISSUED, JUDGE: KEVIN MCCRAY - BOND AMOUNT: $500.00",
    "count": "",
    "party": "ODOM, JOSHUA LESLIE",
    "amount": "$ 50.00",
    "links": []
  },
  {
    "event_number": 5,
    "date": "2022-12-05",
    "code": "OCISR",
    "description": "OKLAHOMA COURT INFORMATION SYSTEM REVOLVING FUND",
    "count": "",
    "party": "ODOM, JOSHUA LESLIE",
    "amount": "$ 25.00",
    "links": []
  },
  {
    "event_number": 6,
    "date": "2023-01-06",
    "code": "TEXT",
    "description": "JUDGE REASSIGNMENT - HD#138691",
    "count": "",
    "party": "",
    "amount": "",
    "links": []
  },
  {
    "event_number": 7,
    "date": "2023-01-09",
    "code": "TEXT",
    "description": "HD138691 - JUDGE REASSIGNMENT",
    "count": "",
    "party": "",
    "amount": "",
    "links": []
  },
  {
    "event_number": 8,
    "date": "2023-02-09",
    "code": "CTARR",
    "description": "JUDGE MCCRAY: COMES FOR ARRAIGNMENT. DEFT APPEARS IN PERSON. THE STATE DOES NOT APPEAR. A PLEA OF \"NOT GUILTY\" IS ENTERED. DISPOSITION IS SET FOR 3-9-2023 AT 8AM BEFORE JUDGE OAKES. BAIL IS SET AT $500. Document Available at Court Clerk's Office",
    "count": "",
    "party": "ODOM, JOSHUA LESLIE",
    "amount": "",
    "links": []
  },
  {
    "event_number": 9,
    "date": "2023-02-09",
    "code": "BO",
    "description": "SURETY BOND FOR ODOM, JOSHUA LESLIE POSTED BY DOWELL, JUSTIN (SURETY:ALLEGHENY CASUALTY COMPANY ) (POWER NUMBER:AS3K-513462 ), IN THE AMOUNT OF $500.00, POSTED 12/12/2022 Document Available at Court Clerk's Office",
    "count": "",
    "party": "ODOM, JOSHUA LESLIE",
    "amount": "$ 10.00",
    "links": []
  },
  {
    "event_number": 10,
    "date": "2023-02-09",
    "code": "BOJ",
    "description": "BOND INITIAL FILING JAIL FUND FEE",
    "count": "",
    "party": "ODOM, JOSHUA LESLIE",
    "amount": "$ 25.00",
    "links": []
  },
  {
    "event_number": 11,
    "date": "2023-02-09",
    "code": "CCADMIN25",
    "description": "COURT CLERK ADMINISTRATIVE FEE ON $25 COLLECTIONS",
    "count": "",
    "party": "ODOM, JOSHUA LESLIE",
    "amount": "$ 2.50",
    "links": []
  },
  {
    "event_number": 12,
    "date": "2023-02-09",
    "code": "DCADMIN25",
    "description": "DISTRICT COURT ADMINISTRATIVE FEE ON $25 COLLECTIONS",
    "count": "",
    "party": "ODOM, JOSHUA LESLIE",
    "amount": "$ 3.75",
    "links": []
  },
  {
    "event_number": 13,
    "date": "2023-02-10",
    "code": "ORSR",
    "description": "ORDER OF RELEASE W/SHERIFF'S RETURN Document Available at Court Clerk's Office",
    "count": "",
    "party": "ODOM, JOSHUA LESLIE",
    "amount": "",
    "links": []
  },
  {
    "event_number": 14,
    "date": "2023-02-13",
    "code": "RETWA",
    "description": "WARRANT RETURNED 2/13/2023, WARRANT ISSUED ON 12/5/2022 COMMENT: WARRANT CLEARED 2/9/2023 Document Available at Court Clerk's Office",
    "count": "",
    "party": "ODOM, JOSHUA LESLIE",
    "amount": "",
    "links": []
  },
  {
    "event_number": 15,
    "date": "2023-03-08",
    "code": "MOCON",
    "description": "JUDGE OAKES: COURT MINUTE MOTION FOR CONTINUANCE AT REQUEST OF THE PARTIES. ORDER GRANTED. DISPOSITION CONTINUED BY AGREEMENT TO 5-11-2023 @ 9AM. Document Available at Court Clerk's Office",
    "count": "",
    "party": "ODOM, JOSHUA LESLIE",
    "amount": "",
    "links": []
  },
  {
    "event_number": 16,
    "date": "2023-03-09",
    "code": "EAA",
    "description": "ENTRY OF APPEARANCE BEN MUNDA OBN 31661 Document Available at Court Clerk's Office",
    "count": "",
    "party": "ODOM, JOSHUA LESLIE",
    "amount": "",
    "links": []
  },
  {
    "event_number": 17,
    "date": "2023-05-11",
    "code": "MOCON",
    "description": "JUDGE OAKES: COURT MINUTE MOTION FOR CONTINUANCE AT REQUEST OF THE PARTIES. ORDER GRANTED. DISPOSITION CONTINUED BY AGREEMENT TO 7-12-2023 @ 9AM. Document Available at Court Clerk's Office",
    "count": "",
    "party": "ODOM, JOSHUA LESLIE",
    "amount": "",
    "links": []
  },
  {
    "event_number": 18,
    "date": "2023-07-11",
    "code": "CTFREE",
    "description": "JUDGE COYLE FOR OAKS: ATTORNEY MUNDA APPEARS. STATE PRESENT BY ADA WILSON. - DISPO CONTINUED TO 7-26-2023 AT 9AM. Document Available at Court Clerk's Office",
    "count": "",
    "party": "ODOM, JOSHUA LESLIE",
    "amount": "",
    "links": []
  },
  {
    "event_number": 19,
    "date": "2023-07-26",
    "code": "MOCON",
    "description": "JUDGE OAKES: COURT MINUTE MOTION FOR CONTINUANCE AT REQUEST OF THE PARTIES. ORDER GRANTED. DISPOSITION CONTINUED BY AGREEMENT TO 9-20-2023 @ 9AM Document Available at Court Clerk's Office",
    "count": "",
    "party": "ODOM, JOSHUA LESLIE",
    "amount": "",
    "links": []
  },
  {
    "event_number": 20,
    "date": "2023-09-20",
    "code": "MOCON",
    "description": "JUDGE OAKES: COURT MINUTE MOTION FOR CONTINUANCE. DEFENSE REPRESENTED BY ATTY BEN MUNDA. THE STATE IS PRESENT BY ADA ELLIS, LLI. THIS MATTER IS CONTINUED TO 12-06-2023 AT 9AM Document Available at Court Clerk's Office",
    "count": "",
    "party": "ODOM, JOSHUA LESLIE",
    "amount": "",
    "links": []
  },
  {
    "event_number": 21,
    "date": "2023-12-06",
    "code": "MOCON",
    "description": "JUDGE OAKES: COURT MINUTE MOTION FOR CONTINUANCE AT REQUEST OF THE PARTIES. ORDER GRANTED. DISPO CONTINUED TO 2-14-24 @9AM Document Available at Court Clerk's Office",
    "count": "",
    "party": "ODOM, JOSHUA LESLIE",
    "amount": "",
    "links": []
  },
  {
    "event_number": 22,
    "date": "2024-02-14",
    "code": "MOCON",
    "description": "JUDGE OAKES: COURT MINUTE MOTION FOR CONTINUANCE AT REQUEST OF THE PARTIES. ORDER GRANTED. DISPO CONTINUED TO 3-21-24 @9AM Document Available at Court Clerk's Office",
    "count": "",
    "party": "ODOM, JOSHUA LESLIE",
    "amount": "",
    "links": []
  },
  {
    "event_number": 23,
    "date": "2024-03-21",
    "code": "MOCON",
    "description": "JUDGE OAKES: COURT MINUTE MOTION FOR CONTINUANCE AT REQUEST OF THE PARTIES. ORDER GRANTED. DISPO CONTINUED TO 4-24-24 @9AM Document Available at Court Clerk's Office",
    "count": "",
    "party": "ODOM, JOSHUA LESLIE",
    "amount": "",
    "links": []
  },
  {
    "event_number": 24,
    "date": "2024-04-24",
    "code": "MOCON",
    "description": "JUDGE OAKES: COURT MINUTE MOTION FOR CONTINUANCE AT REQUEST OF THE PARTIES. ORDER GRANTED. DISPOSITION CONTINUED TO 6-26-24 @9AM TO PLEA Document Available at Court Clerk's Office",
    "count": "",
    "party": "ODOM, JOSHUA LESLIE",
    "amount": "",
    "links": []
  },
  {
    "event_number": 25,
    "date": "2024-06-26",
    "code": "CONVICTED",
    "description": "JUDGE OAKES: DEFENDANT APPEARS IN PERSON BY ATTORNEY TYLER BOX. THE STATE APPEARS BY ADA. THE DEFENDANT ENTERS A PLEA OF GUILTY AND IS SENTENCED TO: COUNTS 1 \u0026 2) 6 MONTHS SUSPENDED UNDER THE SUPERVISION OF OPS. THE DEFENDANT IS TO COMPLETE 60 HOURS CSW, VIP/MADD, DAAFU, INSTALL IGNITION INTERLOCK FOR 6 MONTHS AND COMPLETE ANGER MANAGEMENT CLASS. THE DEFENDANT CANNOT POSSESS ANY FIREARMS WHILE ON PROBATION. THE DEFENDANT IS TO PAY $100 FINE, $100 VCA, $45 DISTRICT ATTORNEY FEE, 991 FEES AND COURT COSTS. ALL COURT COSTS ARE DUE INSTANTER. ANY BOND NOT IN FORFEITURE IS EXONERATED. COURT REPORTER WAIVED.",
    "count": "1",
    "party": "ODOM, JOSHUA LESLIE",
    "amount": "",
    "links": []
  },
  {
    "event_number": 26,
    "date": "2024-06-26",
    "code": "CCDUI",
    "description": "COURT COSTS ON DUI (MUNICIPAL ARREST)",
    "count": "1",
    "party": "ODOM, JOSHUA LESLIE",
    "amount": "$ 166.50",
    "links": []
  },
  {
    "event_number": 27,
    "date": "2024-06-26",
    "code": "DPSFEE",
    "description": "DPS PATROL VEHICLE FUND FEE ASSESSMENT",
    "count": "1",
    "party": "ODOM, JOSHUA LESLIE",
    "amount": "$ 155.00",
    "links": []
  },
  {
    "event_number": 28,
    "date": "2024-06-26",
    "code": "TCARF",
    "description": "TRAUMA CARE ASSISTANCE REVOLVING FUND",
    "count": "1",
    "party": "ODOM, JOSHUA LESLIE",
    "amount": "$ 100.00",
    "links": []
  },
  {
    "event_number": 29,
    "date": "2024-06-26",
    "code": "DACPAD",
    "description": "DA COUNCIL PROSECUTION ASSESSMENT FOR MUNICIPAL DUI",
    "count": "1",
    "party": "ODOM, JOSHUA LESLIE",
    "amount": "$ 83.25",
    "links": []
  },
  {
    "event_number": 30,
    "date": "2024-06-26",
    "code": "MUNI",
    "description": "COSTS TO ARRESTING AGENCY (MUNICIPALITY) ON DUI",
    "count": "1",
    "party": "ODOM, JOSHUA LESLIE",
    "amount": "$ 83.25",
    "links": []
  },
  {
    "event_number": 31,
    "date": "2024-06-26",
    "code": "DACPAM",
    "description": "DA COUNCIL PROSECUTION ASSESSMENT FOR MISDEMEANOR",
    "count": "1",
    "party": "ODOM, JOSHUA LESLIE",
    "amount": "$ 30.00",
    "links": []
  },
  {
    "event_number": 32,
    "date": "2024-06-26",
    "code": "OCISR",
    "description": "OKLAHOMA COURT INFORMATION SYSTEM REVOLVING FUND",
    "count": "1",
    "party": "ODOM, JOSHUA LESLIE",
    "amount": "$ 25.00",
    "links": []
  },
  {
    "event_number": 33,
    "date": "2024-06-26",
    "code": "IDEA",
    "description": "DPS IMPAIRED DRIVER DATABASE FEE",
    "count": "1",
    "party": "ODOM, JOSHUA LESLIE",
    "amount": "$ 15.00",
    "links": []
  },
  {
    "event_number": 34,
    "date": "2024-06-26",
    "code": "SSFCHS",
    "description": "SHERIFF’S SERVICE FEE FOR COURT HOUSE SECURITY",
    "count": "1",
    "party": "ODOM, JOSHUA LESLIE",
    "amount": "$ 10.00",
    "links": []
  },
  {
    "event_number": 35,
    "date": "2024-06-26",
    "code": "CLEET",
    "description": "CLEET PENALTY ASSESSMENT",
    "count": "1",
    "party": "ODOM, JOSHUA LESLIE",
    "amount": "$ 10.00",
    "links": []
  },
  {
    "event_number": 36,
    "date": "2024-06-26",
    "code": "FOREN",
    "description": "FORENSIC SCIENCE IMPROVEMENT ASSESSMENT",
    "count": "1",
    "party": "ODOM, JOSHUA LESLIE",
    "amount": "$ 10.00",
    "links": []
  },
  {
    "event_number": 37,
    "date": "2024-06-26",
    "code": "AFIS",
    "description": "AFIS FEE",
    "count": "1",
    "party": "ODOM, JOSHUA LESLIE",
    "amount": "$ 10.00",
    "links": []
  },
  {
    "event_number": 38,
    "date": "2024-06-26",
    "code": "MELRF",
    "description": "MEDICAL EXPENSE LIABILITY REVOLVING FUND",
    "count": "1",
    "party": "ODOM, JOSHUA LESLIE",
    "amount": "$ 10.00",
    "links": []
  },
  {
    "event_number": 39,
    "date": "2024-06-26",
    "code": "PFE7",
    "description": "LAW LIBRARY FEE",
    "count": "1",
    "party": "ODOM, JOSHUA LESLIE",
    "amount": "$ 6.00",
    "links": []
  },
  {
    "event_number": 40,
    "date": "2024-06-26",
    "code": "SSF",
    "description": "SHERIFF'S SERVICE FEE ON ARRESTS",
    "count": "1",
    "party": "ODOM, JOSHUA LESLIE",
    "amount": "$ 5.00",
    "links": []
  },
  {
    "event_number": 41,
    "date": "2024-06-26",
    "code": "CHAB",
    "description": "C.H.A.B. STATUTORY FEE",
    "count": "1",
    "party": "ODOM, JOSHUA LESLIE",
    "amount": "$ 3.00",
    "links": []
  },
  {
    "event_number": 42,
    "date": "2024-06-26",
    "code": "AGVSU",
    "description": "ATTORNEY GENERAL VICTIM SERVICES UNIT",
    "count": "1",
    "party": "ODOM, JOSHUA LESLIE",
    "amount": "$ 3.00",
    "links": []
  },
  {
    "event_number": 43,
    "date": "2024-06-26",
    "code": "VCA",
    "description": "VICTIMS COMPENSATION ASSESSMENT (AC12)",
    "count": "1",
    "party": "ODOM, JOSHUA LESLIE",
    "amount": "$ 100.00",
    "links": []
  },
  {
    "event_number": 44,
    "date": "2024-06-26",
    "code": "FINE",
    "description": "FINES PAYABLE TO COUNTY",
    "count": "1",
    "party": "ODOM, JOSHUA LESLIE",
    "amount": "$ 100.00",
    "links": []
  },
  {
    "event_number": 45,
    "date": "2024-06-26",
    "code": "CCADMIN",
    "description": "COURT CLERK ADMINISTRATIVE FEE ON COLLECTIONS",
    "count": "1",
    "party": "ODOM, JOSHUA LESLIE",
    "amount": "$ 35.60",
    "links": []
  },
  {
    "event_number": 46,
    "date": "2024-06-26",
    "code": "DCADMIN",
    "description": "DISTRICT COURT ADMINISTRATIVE FEE",
    "count": "1",
    "party": "ODOM, JOSHUA LESLIE",
    "amount": "$ 53.40",
    "links": []
  },
  {
    "event_number": 47,
    "date": "2024-06-26",
    "code": "CONVICTED",
    "description": "MARTHA OAKES , JUDGE: CASE DISPOSED. CONVICTION.",
    "count": "2",
    "party": "ODOM, JOSHUA LESLIE",
    "amount": "",
    "links": []
  },
  {
    "event_number": 48,
    "date": "2024-06-26",
    "code": "COSTM",
    "description": "COURT COSTS ON MISDEMEANOR",
    "count": "2",
    "party": "ODOM, JOSHUA LESLIE",
    "amount": "$ 83.00",
    "links": []
  },
  {
    "event_number": 49,
    "date": "2024-06-26",
    "code": "DACPAM",
    "description": "DA COUNCIL PROSECUTION ASSESSMENT FOR MISDEMEANOR",
    "count": "2",
    "party": "ODOM, JOSHUA LESLIE",
    "amount": "$ 30.00",
    "links": []
  },
  {
    "event_number": 50,
    "date": "2024-06-26",
    "code": "OCISR",
    "description": "OKLAHOMA COURT INFORMATION SYSTEM REVOLVING FUND",
    "count": "2",
    "party": "ODOM, JOSHUA LESLIE",
    "amount": "$ 25.00",
    "links": []
  },
  {
    "event_number": 51,
    "date": "2024-06-26",
    "code": "SSFCHS",
    "description": "SHERIFF’S SERVICE FEE FOR COURT HOUSE SECURITY",
    "count": "2",
    "party": "ODOM, JOSHUA LESLIE",
    "amount": "$ 10.00",
    "links": []
  },
  {
    "event_number": 52,
    "date": "2024-06-26",
    "code": "MELRF",
    "description": "MEDICAL EXPENSE LIABILITY REVOLVING FUND",
    "count": "2",
    "party": "ODOM, JOSHUA LESLIE",
    "amount": "$ 10.00",
    "links": []
  },
  {
    "event_number": 53,
    "date": "2024-06-26",
    "code": "TCARF",
    "description": "TRAUMA CARE ASSISTANCE REVOLVING FUND",
    "count": "2",
    "party": "ODOM, JOSHUA LESLIE",
    "amount": "$ 10.00",
    "links": []
  },
  {
    "event_number": 54,
    "date": "2024-06-26",
    "code": "CLEET",
    "description": "CLEET PENALTY ASSESSMENT",
    "count": "2",
    "party": "ODOM, JOSHUA LESLIE",
    "amount": "$ 10.00",
    "links": []
  },
  {
    "event_number": 55,
    "date": "2024-06-26",
    "code": "FOREN",
    "description": "FORENSIC SCIENCE IMPROVEMENT ASSESSMENT",
    "count": "2",
    "party": "ODOM, JOSHUA LESLIE",
    "amount": "$ 10.00",
    "links": []
  },
  {
    "event_number": 56,
    "date": "2024-06-26",
    "code": "AFIS",
    "description": "AFIS FEE",
    "count": "2",
    "party": "ODOM, JOSHUA LESLIE",
    "amount": "$ 10.00",
    "links": []
  },
  {
    "event_number": 57,
    "date": "2024-06-26",
    "code": "PFE7",
    "description": "LAW LIBRARY FEE",
    "count": "2",
    "party": "ODOM, JOSHUA LESLIE",
    "amount": "$ 6.00",
    "links": []
  },
  {
    "event_number": 58,
    "date": "2024-06-26",
    "code": "SSF",
    "description": "SHERIFF'S SERVICE FEE ON ARRESTS",
    "count": "2",
    "party": "ODOM, JOSHUA LESLIE",
    "amount": "$ 5.00",
    "links": []
  },
  {
    "event_number": 59,
    "date": "2024-06-26",
    "code": "CHAB",
    "description": "C.H.A.B. STATUTORY FEE",
    "count": "2",
    "party": "ODOM, JOSHUA LESLIE",
    "amount": "$ 3.00",
    "links": []
  },
  {
    "event_number": 60,
    "date": "2024-06-26",
    "code": "AGVSU",
    "description": "ATTORNEY GENERAL VICTIM SERVICES UNIT",
    "count": "2",
    "party": "ODOM, JOSHUA LESLIE",
    "amount": "$ 3.00",
    "links": []
  },
  {
    "event_number": 61,
    "date": "2024-06-26",
    "code": "CCADMIN",
    "description": "COURT CLERK ADMINISTRATIVE FEE ON COLLECTIONS",
    "count": "2",
    "party": "ODOM, JOSHUA LESLIE",
    "amount": "$ 9.60",
    "links": []
  },
  {
    "event_number": 62,
    "date": "2024-06-26",
    "code": "DCADMIN",
    "description": "DISTRICT COURT ADMINISTRATIVE FEE",
    "count": "2",
    "party": "ODOM, JOSHUA LESLIE",
    "amount": "$ 14.40",
    "links": []
  },
  {
    "event_number": 63,
    "date": "2024-06-26",
    "code": "BDXON",
    "description": "THE STATUS OF THE BOND ENTRY DETAILED IN DOCKET SERIAL #115418914 ABOVE HAS CHANGED TO READ AS FOLLOWS: SURETY BOND FOR ODOM, JOSHUA LESLIE POSTED BY DOWELL, JUSTIN (SURETY:ALLEGHENY CASUALTY COMPANY ) (POWER NUMBER:AS3K-513462 ), IN THE AMOUNT OF $500.00, POSTED 12/12/2022, EXONERATED 06/26/2024",
    "count": "",
    "party": "ODOM, JOSHUA LESLIE",
    "amount": "",
    "links": []
  },
  {
    "event_number": 64,
    "date": "2024-06-26",
    "code": "J\u0026SSF",
    "description": "JUDGMENT AND SENTENCE AND SUMMARY OF FACTS ON PLEA OF GUILTY Document Available at Court Clerk's Office",
    "count": "",
    "party": "ODOM, JOSHUA LESLIE",
    "amount": "",
    "links": []
  },
  {
    "event_number": 65,
    "date": "2024-06-26",
    "code": "R\u0026C",
    "description": "RULES \u0026 CONDITIONS OF PROBATION Document Available at Court Clerk's Office",
    "count": "",
    "party": "ODOM, JOSHUA LESLIE",
    "amount": "",
    "links": []
  },
  {
    "event_number": 66,
    "date": "2024-06-26",
    "code": "SPO",
    "description": "SUPPLEMENTAL ORDER Document Available at Court Clerk's Office",
    "count": "",
    "party": "ODOM, JOSHUA LESLIE",
    "amount": "",
    "links": []
  },
  {
    "event_number": 67,
    "date": "2024-06-26",
    "code": "NO",
    "description": "DISTRICT ATTORNEY PROSECUTION REIMBURSEMENT NOTICE / 991C Document Available at Court Clerk's Office",
    "count": "",
    "party": "ODOM, JOSHUA LESLIE",
    "amount": "",
    "links": []
  },
  {
    "event_number": 68,
    "date": "2024-06-26",
    "code": "NO",
    "description": "COST HEARING NOTICE AT SENTENCING / PLEA Document Available at Court Clerk's Office",
    "count": "",
    "party": "ODOM, JOSHUA LESLIE",
    "amount": "",
    "links": []
  },
  {
    "event_number": 69,
    "date": "2024-06-28",
    "code": "PPA",
    "description": "ORDER FOR INSTALLMENT PAYMENT OF COURT COSTS / JUDGE HOLMAN Document Available at Court Clerk's Office",
    "count": "",
    "party": "ODOM, JOSHUA LESLIE",
    "amount": "",
    "links": []
  },
  {
    "event_number": 70,
    "date": "2024-07-02",
    "code": "ABST",
    "description": "ABSTRACT SENT TO D.P.S.",
    "count": "1",
    "party": "ODOM, JOSHUA LESLIE",
    "amount": "",
    "links": []
  },
  {
    "event_number": 71,
    "date": "2024-10-01",
    "code": "CTRS",
    "description": "CLAIM FOR INTERCEPT OF TAX REFUND",
    "count": "",
    "party": "ODOM, JOSHUA LESLIE",
    "amount": "",
    "links": []
  }
]