[
  {
    "number": "1",
    "party_name": "RECORD, RHETT STEVEN",
    "offense_on": "2024-06-09",
    "filed_statute_code": "DI1M",
    "filed_statute_violation": "47 O.S. 11-902(A)(2)",
    "filed_statute_violation_link": "http://www.oscn.net/applications/oscn/deliverdocument.asp?box1=47\u0026box2=OS\u0026box3=11-902(A)(2)",
    "disposition": "DEFERRED, 09/05/2024. Guilty Plea",
    "charge": "DUI ALCOHOL (MUNICIPAL ARREST)(DI1M)",
    "disposition_on": "2024-09-09",
    "disposed_statute_code": "DI1M",
    "disposed_statute_violation": "47 O.S. 11-902(A)(2)",
    "disposed_statute_violation_link": "http://www.oscn.net/applications/oscn/deliverdocument.asp?box1=47 \u0026box2=OS\u0026box3=11-902(A)(2)",
    "plea": "Guilty Plea",
    "verdict": "DEFERRED"
  }
]