[
  {
    "name": "EDMOND PD",
    "link": "GetPartyRecord.aspx?db=oklahoma\u0026cn=CM-2024-2809\u0026id=15905852",
    "party_type": "ARRESTING AGENCY"
  },
  {
    "name": "RECORD,  RHETT  STEVEN",
    "link": "GetPartyRecord.aspx?db=oklahoma\u0026cn=CM-2024-2809\u0026id=19664586",
    "party_type": "Defendant"
  },
  {
    "name": "STATE OF OKLAHOMA",
    "link": "GetPartyRecord.aspx?db=oklahoma\u0026cn=CM-2024-2809\u0026id=32000",
    "party_type": "Plaintiff"
  }
]